---
layout: post
title: 日常
date: 2019-08-06
tags: [linux]
----------
Linux
----------
###### 磁盘使用率
df -h 查看磁盘使用率
$ df -h
Filesystem      Size  Used Avail Use% Mounted on
/dev/vda6        24G  814M   23G   4% /
devtmpfs         12G     0   12G   0% /dev
tmpfs            12G   12K   12G   1% /dev/shm
tmpfs            12G  1.2G   11G  10% /run
tmpfs            12G     0   12G   0% /sys/fs/cgroup
/dev/vda3        30G  3.3G   27G  11% /usr
/dev/vda2        50G  765M   50G   2% /var
/dev/vda1       509M  137M  373M  27% /boot
/dev/vdb1       100G   25G   76G  25% /data
tmpfs           2.4G     0  2.4G   0% /run/user/1001
tmpfs           2.4G     0  2.4G   0% /run/user/1002
-------
###### 物理内存
free -m 
$ free -m
              total        used        free      shared  buff/cache   available
Mem:          23947        8198       13330        1159        2418       14145
Swap:         16383          75       16308
total:总计物理内存的大小。
used:已使用多大。
free:可用有多少。
Shared:多个进程共享的内存总额。
Buffers/cached:磁盘缓存的大小。



